// Jest Snapshot v1, https://goo.gl/fbAQLP

exports[`ReposDisplay component renders ReposDisplay 1`] = `
<div
  className="ReposDisplay"
/>
`;
