// Jest Snapshot v1, https://goo.gl/fbAQLP

exports[`UserDisplay component renders UserDisplay 1`] = `
<div
  className="UserBar"
/>
`;
